// Jest Snapshot v1, https://goo.gl/fbAQLP

exports[`LoadingSpinner matches snapshot 1`] = `
<View
  style={
    {
      "alignItems": "center",
      "backgroundColor": "#F2F2F7",
      "flex": 1,
      "justifyContent": "center",
    }
  }
  testID="loading-spinner"
>
  <ActivityIndicator
    color="#007AFF"
    size="large"
    testID="activity-indicator"
  />
</View>
`;
