// Jest Snapshot v1, https://goo.gl/fbAQLP

exports[`RangeInput matches snapshot 1`] = `
<View
  style={
    {
      "marginBottom": 8,
    }
  }
>
  <Text
    style={
      {
        "color": "#000000",
        "fontSize": 18,
        "fontWeight": "600",
        "marginBottom": 16,
      }
    }
  >
    Stars
  </Text>
  <View
    style={
      {
        "alignItems": "center",
        "flexDirection": "row",
        "justifyContent": "space-between",
      }
    }
  >
    <View
      style={
        {
          "flex": 1,
        }
      }
    >
      <Text
        style={
          {
            "color": "#3C3C43",
            "fontSize": 14,
            "marginBottom": 8,
          }
        }
      >
        Min
      </Text>
      <TextInput
        keyboardType="number-pad"
        onChangeText={[Function]}
        placeholder="0"
        placeholderTextColor="#8E8E93"
        style={
          {
            "backgroundColor": "#F2F2F7",
            "borderColor": "#C7C7CC",
            "borderRadius": 8,
            "borderWidth": 1,
            "color": "#000000",
            "fontSize": 16,
            "paddingHorizontal": 12,
            "paddingVertical": 10,
          }
        }
        testID="range-input-min-stars"
        value="10"
      />
    </View>
    <Text
      style={
        {
          "color": "#3C3C43",
          "fontSize": 18,
          "marginHorizontal": 12,
          "marginTop": 20,
        }
      }
    >
      -
    </Text>
    <View
      style={
        {
          "flex": 1,
        }
      }
    >
      <Text
        style={
          {
            "color": "#3C3C43",
            "fontSize": 14,
            "marginBottom": 8,
          }
        }
      >
        Max
      </Text>
      <TextInput
        keyboardType="number-pad"
        onChangeText={[Function]}
        placeholder="âˆž"
        placeholderTextColor="#8E8E93"
        style={
          {
            "backgroundColor": "#F2F2F7",
            "borderColor": "#C7C7CC",
            "borderRadius": 8,
            "borderWidth": 1,
            "color": "#000000",
            "fontSize": 16,
            "paddingHorizontal": 12,
            "paddingVertical": 10,
          }
        }
        testID="range-input-max-stars"
        value="100"
      />
    </View>
  </View>
</View>
`;
