// Jest Snapshot v1, https://goo.gl/fbAQLP

exports[`EmptyState matches snapshot 1`] = `
<View
  style={
    {
      "alignItems": "center",
      "flex": 1,
      "justifyContent": "center",
      "paddingHorizontal": 32,
    }
  }
>
  <Text
    color="#8E8E93"
    name="search"
    size={64}
    testID="icon"
  >
    search
  </Text>
  <Text
    style={
      {
        "color": "#3C3C43",
        "fontSize": 18,
        "fontWeight": "500",
        "marginTop": 16,
        "textAlign": "center",
      }
    }
  >
    No repositories found
  </Text>
  <Text
    style={
      {
        "color": "#8E8E93",
        "fontSize": 16,
        "marginTop": 8,
        "textAlign": "center",
      }
    }
  >
    Try adjusting your search
  </Text>
</View>
`;
